// Jest Snapshot v1, https://goo.gl/fbAQLP

exports[`<AdminRightsReceivedNotification /> renders correctly 1`] = `
<NotificationWrapper
  icon="admin"
  isRead={false}
  linkTo="/admin"
  timing="2019-04-16T14:32:17.095Z"
>
  <FormattedMessage
    defaultMessage="You're now an administrator of the platform"
    id="app.containers.NotificationMenu.adminRightsReceived"
  />
</NotificationWrapper>
`;
