// Jest Snapshot v1, https://goo.gl/fbAQLP

exports[`<CumulativeAreaChart /> renders correctly with data 1`] = `
<Chart__GraphCard>
  <Chart__GraphCardInner>
    <Chart__GraphCardHeader>
      <Chart__GraphCardTitle>
        commentsByTimeTitle
        <Chart__GraphCardFigureContainer>
          <Chart__GraphCardFigure />
          <Chart__GraphCardFigureChange
            className=""
          />
        </Chart__GraphCardFigureContainer>
      </Chart__GraphCardTitle>
    </Chart__GraphCardHeader>
    <Chart__NoDataContainer>
      <FormattedMessage
        defaultMessage="No data available with the current filters."
        id="app.containers.AdminPage.DashboardPage.noData"
      />
    </Chart__NoDataContainer>
  </Chart__GraphCardInner>
</Chart__GraphCard>
`;

exports[`<CumulativeAreaChart /> renders correctly without data 1`] = `
<Chart__GraphCard>
  <Chart__GraphCardInner>
    <Chart__GraphCardHeader>
      <Chart__GraphCardTitle>
        commentsByTimeTitle
        <Chart__GraphCardFigureContainer>
          <Chart__GraphCardFigure />
          <Chart__GraphCardFigureChange
            className=""
          />
        </Chart__GraphCardFigureContainer>
      </Chart__GraphCardTitle>
    </Chart__GraphCardHeader>
    <Chart__NoDataContainer>
      <FormattedMessage
        defaultMessage="No data available with the current filters."
        id="app.containers.AdminPage.DashboardPage.noData"
      />
    </Chart__NoDataContainer>
  </Chart__GraphCardInner>
</Chart__GraphCard>
`;
