// Jest Snapshot v1, https://goo.gl/fbAQLP

exports[`<IdeaContent /> renders correctly when an idea is provided 1`] = `
<Container>
  <Top>
    <Button
      buttonStyle="text"
      icon="edit"
      onClick={[MockFunction]}
    >
      <FormattedMessage
        defaultMessage="Edit"
        id="app.components.admin.PostManager.PostPreview.edit"
      />
    </Button>
    <Button
      buttonStyle="text"
      icon="delete"
      onClick={[Function]}
    >
      <FormattedMessage
        defaultMessage="Delete"
        id="app.components.admin.PostManager.PostPreview.delete"
      />
    </Button>
  </Top>
  <Content>
    <IdeaContent__StyledTitle
      postId="myIdeasiD"
      postType="idea"
      title="Doloribus quam molestiae ut."
    />
    <IdeaContent__Row>
      <IdeaContent__Left>
        <IdeaAuthor
          authorId="8ea3a61c-e1bd-4756-a54d-c092553abccd"
          ideaId="myIdeasiD"
          ideaPublishedAt="2019-03-19T00: 00: 00.000Z"
        />
        <IdeaContent__BodySectionTitle>
          <FormattedMessage
            defaultMessage="Proposed budget"
            id="app.containers.IdeasShow.proposedBudgetTitle"
          />
        </IdeaContent__BodySectionTitle>
        <Component
          proposedBudget={45}
        />
        <IdeaContent__BodySectionTitle>
          <FormattedMessage
            defaultMessage="Description"
            id="app.containers.IdeasShow.bodyTitle"
          />
        </IdeaContent__BodySectionTitle>
        <IdeaContent__StyledBody
          body="<p>Ea ea aut. Quasi corrupti iste. Delectus eum voluptates.</p><p>Est harum voluptates. Et fugit enim. Suscipit inventore ullam.</p><p>Eos mollitia omnis. Laudantium porro perferendis. Minus in aut.</p>"
          postId="myIdeasiD"
          postType="idea"
        />
        <IdeaContent__StyledOfficialFeedback
          permissionToPost={true}
          postId="myIdeasiD"
          postType="idea"
        />
        <IdeaContent__StyledComments
          postId="myIdeasiD"
          postType="idea"
        />
      </IdeaContent__Left>
      <IdeaContent__Right>
        <VotePreview
          ideaId="myIdeasiD"
        />
        <FeedbackSettings
          ideaId="myIdeasiD"
        />
      </IdeaContent__Right>
    </IdeaContent__Row>
  </Content>
</Container>
`;

exports[`<IdeaContent /> renders correctly when ideaId is not defined 1`] = `""`;
