// Jest Snapshot v1, https://goo.gl/fbAQLP

exports[`<BarChartByCategory /> renders correctly 1`] = `
<dashboard__GraphCard>
  <dashboard__GraphCardInner>
    <dashboard__GraphCardHeader>
      <dashboard__GraphCardTitle />
      <ExportMenu
        currentGroupFilter={null}
        name=""
        svgNode={
          Object {
            "current": null,
          }
        }
      />
    </dashboard__GraphCardHeader>
    <ResponsiveContainer
      debounce={0}
      height="100%"
      width="100%"
    >
      <BarChart
        barCategoryGap="10%"
        barGap={4}
        data={
          Array [
            Object {
              "code": "x",
              "name": "x",
              "value": 1,
            },
            Object {
              "code": "y",
              "name": "y",
              "value": 3,
            },
          ]
        }
        layout="horizontal"
        margin={
          Object {
            "right": 40,
          }
        }
        reverseStackOrder={false}
        stackOffset="none"
      >
        <Bar
          animationBegin={0}
          animationDuration={400}
          animationEasing="ease"
          data={Array []}
          dataKey="value"
          hide={false}
          isAnimationActive={true}
          label={
            Object {
              "fill": undefined,
              "fontSize": undefined,
            }
          }
          layout="vertical"
          legendType="rect"
          minPointSize={0}
          name="Users"
          onAnimationEnd={[Function]}
          onAnimationStart={[Function]}
          xAxisId={0}
          yAxisId={0}
        />
        <XAxis
          allowDataOverflow={false}
          allowDecimals={true}
          allowDuplicatedCategory={true}
          dataKey="name"
          domain={
            Array [
              0,
              "auto",
            ]
          }
          height={30}
          hide={false}
          mirror={false}
          orientation="bottom"
          padding={
            Object {
              "left": 0,
              "right": 0,
            }
          }
          reversed={false}
          scale="auto"
          tick={
            Object {
              "transform": "translate(0, 7)",
            }
          }
          tickCount={5}
          type="category"
          width={0}
          xAxisId={0}
        />
        <YAxis
          allowDataOverflow={false}
          allowDecimals={true}
          allowDuplicatedCategory={true}
          domain={
            Array [
              0,
              "auto",
            ]
          }
          height={0}
          hide={false}
          mirror={false}
          orientation="left"
          padding={
            Object {
              "bottom": 0,
              "top": 0,
            }
          }
          reversed={false}
          scale="auto"
          tickCount={5}
          type="number"
          width={60}
          yAxisId={0}
        />
        <Tooltip
          active={false}
          allowEscapeViewBox={
            Object {
              "x": false,
              "y": false,
            }
          }
          animationDuration={400}
          animationEasing="ease"
          contentStyle={Object {}}
          coordinate={
            Object {
              "x": 0,
              "y": 0,
            }
          }
          cursor={
            Object {
              "fill": undefined,
            }
          }
          cursorStyle={Object {}}
          filterNull={true}
          isAnimationActive={false}
          itemStyle={Object {}}
          labelStyle={Object {}}
          offset={10}
          separator=" : "
          useTranslate3d={false}
          viewBox={
            Object {
              "x1": 0,
              "x2": 0,
              "y1": 0,
              "y2": 0,
            }
          }
          wrapperStyle={Object {}}
        />
      </BarChart>
    </ResponsiveContainer>
  </dashboard__GraphCardInner>
</dashboard__GraphCard>
`;
