// Jest Snapshot v1, https://goo.gl/fbAQLP

exports[`<FormOptionRow /> matches the snapshot 1`] = `
<Row
  className="e2e-form-option-row"
>
  <TextCell>
    <LocaleSwitcher
      locales={
        Array [
          "en",
          "fr-BE",
        ]
      }
      onSelectedLocaleChange={[Function]}
      selectedLocale="en"
      values={
        Object {
          "titleMultiloc": Object {
            "en": "Vanilla",
          },
        }
      }
    />
  </TextCell>
  <TextCell
    className="expand"
  >
    <Input
      autoFocus={true}
      locale="en"
      onChange={[Function]}
      type="text"
      value="Vanilla"
    />
  </TextCell>
  <Button
    buttonStyle="secondary"
    className="e2e-form-option-save"
    onClick={[Function]}
  >
    <FormattedMessage
      defaultMessage="Save"
      id="app.containers.AdminPage.ProjectEdit.PollTab.saveOption"
    />
  </Button>
  <Button
    buttonStyle="secondary"
    className="e2e-form-option-cancel"
    onClick={[MockFunction]}
  >
    <FormattedMessage
      defaultMessage="Cancel"
      id="app.containers.AdminPage.ProjectEdit.PollTab.cancelOption"
    />
  </Button>
</Row>
`;
