// Jest Snapshot v1, https://goo.gl/fbAQLP

exports[`<WrongMaxChoiceIndicator/> boundaries renders correctly when maxAnswers is null 1`] = `""`;

exports[`<WrongMaxChoiceIndicator/> boundaries renders correctly when options is Error 1`] = `""`;

exports[`<WrongMaxChoiceIndicator/> boundaries renders correctly when options is null 1`] = `""`;

exports[`<WrongMaxChoiceIndicator/> boundaries renders correctly when options is undefined 1`] = `""`;

exports[`<WrongMaxChoiceIndicator/> renders nothing when max answers is as expected renders correclty when 2 <= maxAnswers <= pollOptions.length 1`] = `""`;
