// Jest Snapshot v1, https://goo.gl/fbAQLP

exports[`<CommentDeletedByAdminNotification /> renders correctly with a non empty idea 1`] = `
<NotificationWrapper
  icon="comments"
  isRead={false}
  timing="2019-04-16T14:32:17.095Z"
>
  <FormattedMessage
    defaultMessage="Your comment on '{postTitle}' has been deleted by an admin because
      {reasonCode, select,
        irrelevant {it is irrelevant}
        inappropriate {its content is inappropriate}
        other {{otherReason}}
      }
    "
    id="app.containers.NotificationMenu.commentDeletedByAdminFor"
    values={
      Object {
        "otherReason": undefined,
        "postTitle": <T />,
        "reasonCode": "irrelevant",
      }
    }
  />
</NotificationWrapper>
`;

exports[`<CommentDeletedByAdminNotification /> renders correctly with an empty idea 1`] = `
<NotificationWrapper
  icon="comments"
  isRead={false}
  timing="2019-04-16T14:32:17.095Z"
>
  <FormattedMessage
    defaultMessage="Your comment on '{postTitle}' has been deleted by an admin because
      {reasonCode, select,
        irrelevant {it is irrelevant}
        inappropriate {its content is inappropriate}
        other {{otherReason}}
      }
    "
    id="app.containers.NotificationMenu.commentDeletedByAdminFor"
    values={
      Object {
        "otherReason": undefined,
        "postTitle": <T />,
        "reasonCode": "irrelevant",
      }
    }
  />
</NotificationWrapper>
`;
