// Jest Snapshot v1, https://goo.gl/fbAQLP

exports[`<OfficialFeedback /> renders correctly for admin 1`] = `
<OfficialFeedback__Container>
  <hi
    ideaId="ideaId"
  />
  <WrappedOfficialFeedback
    editingAllowed={true}
    ideaId="ideaId"
    permission={true}
  />
</OfficialFeedback__Container>
`;

exports[`<OfficialFeedback /> renders correctly for non-admin 1`] = `""`;
