// Jest Snapshot v1, https://goo.gl/fbAQLP

exports[`<EmailSettingPage/> calls the update and initially renders the lodaing indicator 1`] = `
<EmailSettingsPage__Container
  id="e2e-user-edit-profile-page"
>
  <InitialUnsubscribeFeedback
    status="loading"
  />
</EmailSettingsPage__Container>
`;

exports[`<EmailSettingPage/> renders 1`] = `
<EmailSettingsPage__Container
  id="e2e-user-edit-profile-page"
>
  <InitialUnsubscribeFeedback
    status="loading"
  />
</EmailSettingsPage__Container>
`;
