// Jest Snapshot v1, https://goo.gl/fbAQLP

exports[`<IdeaContent /> renders correctly when an idea is provided 1`] = `
<Container>
  <Top>
    <WithTheme(Button)
      icon="edit"
      onClick={[MockFunction]}
      style="text"
      textColor="#044D6C"
    >
      <FormattedMessage
        defaultMessage="Edit"
        id="app.components.admin.PostManager.PostPreview.edit"
      />
    </WithTheme(Button)>
    <WithTheme(Button)
      icon="delete"
      onClick={[Function]}
      style="text"
      textColor="#044D6C"
    >
      <FormattedMessage
        defaultMessage="Delete"
        id="app.components.admin.PostManager.PostPreview.delete"
      />
    </WithTheme(Button)>
  </Top>
  <Content>
    <IdeaContent__StyledIdeaTitle
      ideaId="myIdeasiD"
      ideaTitle="Doloribus quam molestiae ut."
    />
    <IdeaContent__Row>
      <IdeaContent__Left>
        <Component
          authorId="8ea3a61c-e1bd-4756-a54d-c092553abccd"
          ideaCreatedAt="2019-03-12T00: 00: 00.000Z"
          ideaId="myIdeasiD"
        />
        <IdeaContent__StyledIdeaBody
          ideaBody="<p>Ea ea aut. Quasi corrupti iste. Delectus eum voluptates.</p><p>Est harum voluptates. Et fugit enim. Suscipit inventore ullam.</p><p>Eos mollitia omnis. Laudantium porro perferendis. Minus in aut.</p>"
          ideaId="myIdeasiD"
        />
        <IdeaContent__StyledOfficialFeedback
          ideaId="myIdeasiD"
        />
        <IdeaContent__StyledComments
          ideaId="myIdeasiD"
        />
      </IdeaContent__Left>
      <IdeaContent__Right>
        <Component
          ideaId="myIdeasiD"
        />
        <Component
          ideaId="myIdeasiD"
        />
      </IdeaContent__Right>
    </IdeaContent__Row>
  </Content>
</Container>
`;

exports[`<IdeaContent /> renders correctly when ideaId is not defined 1`] = `""`;
