// Jest Snapshot v1, https://goo.gl/fbAQLP

exports[`<AssigneeFilter /> processes options correctly 1`] = `
[
  {
    "id": "e2e-assignee-filter-all-posts",
    "text": "Any administrator",
    "value": "all",
  },
  {
    "id": "e2e-assignee-filter-assigned-to-user",
    "text": "Assigned to me",
    "value": "me",
  },
  {
    "id": "e2e-assignee-filter-unassigned",
    "text": "Unassigned",
    "value": "unassigned",
  },
  {
    "className": "e2e-assignee-filter-other-user",
    "text": "Assigned to admin1 Citizenlab",
    "value": "admin1",
  },
  {
    "className": "e2e-assignee-filter-other-user",
    "text": "Assigned to admin2 Citizenlab",
    "value": "admin2",
  },
  {
    "className": "e2e-assignee-filter-other-user",
    "text": "Assigned to admin3 Citizenlab",
    "value": "admin3",
  },
]
`;
