// Jest Snapshot v1, https://goo.gl/fbAQLP

exports[`<NotificationMenu /> renders correctly when a user is logged in 1`] = `
<NotificationMenu__Container>
  <NotificationCount
    count={0}
    dropdownOpened={false}
    onClick={[Function]}
  />
  <Suspense
    fallback={null}
  >
    <lazy
      dropdownOpened={false}
      toggleDropdown={[Function]}
    />
  </Suspense>
</NotificationMenu__Container>
`;

exports[`<NotificationMenu /> renders correctly when there no user is logged in 1`] = `""`;
