// Jest Snapshot v1, https://goo.gl/fbAQLP

exports[`<PostManager /> Passes down the search value to posts.onChangesSearchTerm 1`] = `
<Fragment>
  <PostManager__TopActionBar>
    <AssigneeFilter
      handleAssigneeFilterChange={[MockFunction]}
      projectId={null}
    />
    <FeedbackToggle
      onChange={[MockFunction]}
      type="AllIdeas"
      value={false}
    />
    <PostManager__StyledExportMenu
      selection={Set {}}
      type="AllIdeas"
    />
  </PostManager__TopActionBar>
  <PostManager__ThreeColumns>
    <PostManager__LeftColumn>
      <ActionBar
        handleClickEdit={[Function]}
        resetSelection={[Function]}
        selection={Set {}}
        type="AllIdeas"
      />
    </PostManager__LeftColumn>
    <PostManager__MiddleColumnTop>
      <IdeasCount
        feedbackNeeded={false}
      />
      <PostManager__StyledInput
        icon="search"
        onChange={[Function]}
      />
    </PostManager__MiddleColumnTop>
  </PostManager__ThreeColumns>
  <PostManager__ThreeColumns>
    <PostManager__LeftColumn>
      <PostManager__Sticky>
        <FilterSidebar
          activeFilterMenu="topics"
          onChangeActiveFilterMenu={[Function]}
          onChangeProjectFilter={[Function]}
          onChangeStatusFilter={[MockFunction]}
          onChangeTopicsFilter={[MockFunction]}
          statuses={Array []}
          visibleFilterMenus={
            Array [
              "topics",
              "statuses",
              "projects",
            ]
          }
        />
      </PostManager__Sticky>
    </PostManager__LeftColumn>
    <PostManager__MiddleColumn>
      <PostTable
        activeFilterMenu="topics"
        handleSeeAll={[MockFunction]}
        onChangeSelection={[Function]}
        openPreview={[Function]}
        posts={
          Array [
            Object {
              "attributes": Object {
                "author_name": "Lucas ",
                "baskets_count": 0,
                "body_multiloc": Object {
                  "nl-BE": "<p>Ea ea aut. Quasi corrupti iste. Delectus eum voluptates.</p><p>Est harum voluptates. Et fugit enim. Suscipit inventore ullam.</p><p>Eos mollitia omnis. Laudantium porro perferendis. Minus in aut.</p>",
                },
                "budget": 60,
                "comments_count": 2,
                "created_at": "2019-03-12T00: 00: 00.000Z",
                "downvotes_count": 1,
                "location_description": null,
                "location_point_geojson": Object {
                  "coordinates": Array [
                    4.418731568531502,
                    50.86899604801978,
                  ],
                  "type": "Point",
                },
                "official_feedbacks_count": 0,
                "publication_status": "published",
                "published_at": "2019-03-19T00: 00: 00.000Z",
                "slug": "doloribus-quam-molestiae-ut",
                "title_multiloc": Object {
                  "en": "Idea One",
                  "nl-BE": "Doloribus quam molestiae ut.",
                },
                "updated_at": "2019-03-26T14: 32: 32.000Z",
                "upvotes_count": 10,
              },
              "id": "idea1",
              "relationships": Object {
                "action_descriptor": Object {
                  "data": Object {
                    "budgeting": Object {
                      "disabled_reason": "not_permitted",
                      "enabled": false,
                      "future_enabled": null,
                    },
                    "commenting": Object {
                      "disabled_reason": "not_permitted",
                      "enabled": false,
                      "future_enabled": null,
                    },
                    "voting": Object {
                      "cancelling_enabled": true,
                      "disabled_reason": null,
                      "enabled": true,
                      "future_enabled": null,
                    },
                  },
                },
                "areas": Object {
                  "data": Array [],
                },
                "author": Object {
                  "data": Object {
                    "id": "8ea3a61c-e1bd-4756-a54d-c092553abccd",
                    "type": "users",
                  },
                },
                "idea_images": Object {
                  "data": Array [],
                },
                "idea_status": Object {
                  "data": Object {
                    "id": "6a968b06-87ea-450a-887c-70b8e8dd4343",
                    "type": "idea_statuses",
                  },
                },
                "phases": Object {
                  "data": Array [],
                },
                "project": Object {
                  "data": Object {
                    "id": "d2adf974-8e9b-4a3c-8f0e-ff307d53821f",
                    "type": "projects",
                  },
                },
                "topics": Object {
                  "data": Array [
                    Object {
                      "id": "1732cff1-b2a0-4e60-9924-9d3fb76861e3",
                      "type": "topics",
                    },
                  ],
                },
              },
              "type": "ideas",
            },
            Object {
              "attributes": Object {
                "author_name": "Lucas ",
                "baskets_count": 0,
                "body_multiloc": Object {
                  "nl-BE": "<p>Ea ea aut. Quasi corrupti iste. Delectus eum voluptates.</p><p>Est harum voluptates. Et fugit enim. Suscipit inventore ullam.</p><p>Eos mollitia omnis. Laudantium porro perferendis. Minus in aut.</p>",
                },
                "budget": 60,
                "comments_count": 2,
                "created_at": "2019-03-12T00: 00: 00.000Z",
                "downvotes_count": 1,
                "location_description": null,
                "location_point_geojson": Object {
                  "coordinates": Array [
                    4.418731568531502,
                    50.86899604801978,
                  ],
                  "type": "Point",
                },
                "official_feedbacks_count": 0,
                "publication_status": "published",
                "published_at": "2019-03-19T00: 00: 00.000Z",
                "slug": "doloribus-quam-molestiae-ut",
                "title_multiloc": Object {
                  "en": "Idea Two",
                  "nl-BE": "Doloribus quam molestiae ut.",
                },
                "updated_at": "2019-03-26T14: 32: 32.000Z",
                "upvotes_count": 10,
              },
              "id": "idea2",
              "relationships": Object {
                "action_descriptor": Object {
                  "data": Object {
                    "budgeting": Object {
                      "disabled_reason": "not_permitted",
                      "enabled": false,
                      "future_enabled": null,
                    },
                    "commenting": Object {
                      "disabled_reason": "not_permitted",
                      "enabled": false,
                      "future_enabled": null,
                    },
                    "voting": Object {
                      "cancelling_enabled": true,
                      "disabled_reason": null,
                      "enabled": true,
                      "future_enabled": null,
                    },
                  },
                },
                "areas": Object {
                  "data": Array [],
                },
                "author": Object {
                  "data": Object {
                    "id": "8ea3a61c-e1bd-4756-a54d-c092553abccd",
                    "type": "users",
                  },
                },
                "idea_images": Object {
                  "data": Array [],
                },
                "idea_status": Object {
                  "data": Object {
                    "id": "6a968b06-87ea-450a-887c-70b8e8dd4343",
                    "type": "idea_statuses",
                  },
                },
                "phases": Object {
                  "data": Array [],
                },
                "project": Object {
                  "data": Object {
                    "id": "d2adf974-8e9b-4a3c-8f0e-ff307d53821f",
                    "type": "projects",
                  },
                },
                "topics": Object {
                  "data": Array [
                    Object {
                      "id": "1732cff1-b2a0-4e60-9924-9d3fb76861e3",
                      "type": "topics",
                    },
                  ],
                },
              },
              "type": "ideas",
            },
            Object {
              "attributes": Object {
                "author_name": "Lucas ",
                "baskets_count": 0,
                "body_multiloc": Object {
                  "nl-BE": "<p>Ea ea aut. Quasi corrupti iste. Delectus eum voluptates.</p><p>Est harum voluptates. Et fugit enim. Suscipit inventore ullam.</p><p>Eos mollitia omnis. Laudantium porro perferendis. Minus in aut.</p>",
                },
                "budget": 60,
                "comments_count": 2,
                "created_at": "2019-03-12T00: 00: 00.000Z",
                "downvotes_count": 1,
                "location_description": null,
                "location_point_geojson": Object {
                  "coordinates": Array [
                    4.418731568531502,
                    50.86899604801978,
                  ],
                  "type": "Point",
                },
                "official_feedbacks_count": 0,
                "publication_status": "published",
                "published_at": "2019-03-19T00: 00: 00.000Z",
                "slug": "doloribus-quam-molestiae-ut",
                "title_multiloc": Object {
                  "en": "Idea Three",
                  "nl-BE": "Doloribus quam molestiae ut.",
                },
                "updated_at": "2019-03-26T14: 32: 32.000Z",
                "upvotes_count": 10,
              },
              "id": "idea3",
              "relationships": Object {
                "action_descriptor": Object {
                  "data": Object {
                    "budgeting": Object {
                      "disabled_reason": "not_permitted",
                      "enabled": false,
                      "future_enabled": null,
                    },
                    "commenting": Object {
                      "disabled_reason": "not_permitted",
                      "enabled": false,
                      "future_enabled": null,
                    },
                    "voting": Object {
                      "cancelling_enabled": true,
                      "disabled_reason": null,
                      "enabled": true,
                      "future_enabled": null,
                    },
                  },
                },
                "areas": Object {
                  "data": Array [],
                },
                "author": Object {
                  "data": Object {
                    "id": "8ea3a61c-e1bd-4756-a54d-c092553abccd",
                    "type": "users",
                  },
                },
                "idea_images": Object {
                  "data": Array [],
                },
                "idea_status": Object {
                  "data": Object {
                    "id": "6a968b06-87ea-450a-887c-70b8e8dd4343",
                    "type": "idea_statuses",
                  },
                },
                "phases": Object {
                  "data": Array [],
                },
                "project": Object {
                  "data": Object {
                    "id": "d2adf974-8e9b-4a3c-8f0e-ff307d53821f",
                    "type": "projects",
                  },
                },
                "topics": Object {
                  "data": Array [
                    Object {
                      "id": "1732cff1-b2a0-4e60-9924-9d3fb76861e3",
                      "type": "topics",
                    },
                  ],
                },
              },
              "type": "ideas",
            },
          ]
        }
        selection={Set {}}
        statuses={Array []}
        type="AllIdeas"
      />
    </PostManager__MiddleColumn>
    <InfoSidebar
      openPreview={[Function]}
      postIds={Array []}
    />
  </PostManager__ThreeColumns>
  <PostPreview
    mode="view"
    onClose={[Function]}
    onSwitchPreviewMode={[Function]}
    postId={null}
    type="AllIdeas"
  />
</Fragment>
`;
