// Jest Snapshot v1, https://goo.gl/fbAQLP

exports[`IdeasMap renders correctly 1`] = `
<IdeasMap__Container>
  <IdeasMap__StyledMap
    boxContent={null}
    fitBounds={true}
    onBoxClose={[Function]}
    onMapClick={[Function]}
    onMarkerClick={[Function]}
    points={Array []}
  />
</IdeasMap__Container>
`;
